// Jest Snapshot v1, https://goo.gl/fbAQLP

exports[`Button Test Cases Check if snapshots are mapped properly 1`] = `
<DocumentFragment>
  <button
    data-testid="button-test-id"
    type="submit"
  >
    bye
  </button>
</DocumentFragment>
`;
